R { funcs = [(0x10000100, [ (0x10000100, 28)
                          , (0x1000011c, 20)
                          , (0x10000130, 8)
                          , (0x10000138, 20)
                          ])
            ]
  , ignoreBlocks = []
  }
