R { funcs = [ (0x100000e0, [(0x100000e0, 20), (0x100000f4, 20)])
            ]
  , ignoreBlocks = [0x1000015c]
  }
