R { funcs = [(0x10000210, [ (0x10000210, 44)
                          , (0x1000023c, 32)
                          ])
            ]
  , ignoreBlocks = [0x10000260]
  }
