R { funcs = [ (0x100d8, [(0x100d8, 32), (0x100f8, 12), (0x10104, 8)])
            , (0x10114, [(0x10114, 36), (0x10138, 40), (0x10150, 16)])
            ]
  , ignoreBlocks = []
  }
