R { funcs = [ (0x100d8, [(0x100d8, 32), (0x100f8, 40), (0x10110, 16)])
            ]
  , ignoreBlocks = []
  }
