R { funcs =  [ (0x100d8, [ (0x100d8, 24), (0x100f0, 16), (0x10108, 28), (0x10100, 8), (0x1010c, 24)])
             ]
  , ignoreBlocks = []
  }
