R { funcs =  [ (0x100d8, [ (0x100d8, 52)])
             , (0x1010c, [ (0x1010c, 36), (0x10130, 12)])
             ]
  , ignoreBlocks = [0x1013c]
  }
