R { funcs = [ (0x179, [(0x179, 16)])
            ]
  , ignoreBlocks = []
  }
