R { funcs =  [ (0x100d8, [ (0x100d8, 8), (0x100e0, 28) ])
             , (0x10100, [ (0x10100, 20), (0x10114, 4)])
             ]
  , ignoreBlocks = [0x1011c]
  }
