R { funcs = [ (0x100d8, [(0x100d8, 24), (0x100f0,32), (0x10104,12), (0x10110,16)])
            ]
  , ignoreBlocks = []
  }
