R { funcs = [ (0x100d8, [(0x100d8,8), (0x100e0, 8)]),
              (0x100e8, [(0x100e8,32)])
            ]
  , ignoreBlocks = []
  }
