R { funcs = [ (0x10099, [(0x10099, 16)])
            ]
  , ignoreBlocks = []
  }
