R { funcs = [(0x10000148, [(0x10000148, 524)])]
  , ignoreBlocks = [0x10000354]
  }