R { funcs = [ (0x10000228, [ (0x10000228, 76)
                           , (0x10000274, 24)
                           ])
            , (0x1000017c, [ (0x1000017c, 104)
                           , (0x100001e4, 56)
                           ])
            , (0x10000148, [ (0x10000148, 40)
                           ])
            ]
  , ignoreBlocks = [0x100002b0, 0x1000028c]
  }