R { fileEntryPoint = Nothing
  , funcs = [(0x1010c, [(0x1010c,14), (0x1011a,6), (0x10120, 12)])]
  , ignoreBlocks = []
  }
