R { fileEntryPoint = Just 0x100c0
  , funcs = [(0x100c0, [])]
  , ignoreBlocks = []
  }