R { fileEntryPoint = Nothing
  , funcs = [(0x2c0, [(0x2c0,28),(0x2dc,12)])]
  , ignoreBlocks = [0x2b0]
  }
