R { fileEntryPoint = Nothing
  , funcs = [ (0x1010c, [(0x1010c, 12), (0x10118, 10)])
            , (0x10124, [(0x10124, 8), (0x1012c, 2)]) ]
  , ignoreBlocks = []
  }
