[(0x401000, [ 0x401000
            , 0x401024
            , 0x40102a
            , 0x401031
            , 0x401036
            , 0x401039
            ]
)]
