[(0x401000, [ 0x401000
            , 0x401053
            , 0x40105a
            , 0x401064
            , 0x40106b
            , 0x401078
            , 0x401083
            , 0x40108e
            ]
)]
