[(0x10000180, [ 0x10000180
              , 0x100001b8
              , 0x100001c4
              , 0x100001d8
              , 0x100001dc
              , 0x100001e0
              ]
)]
