[(0x401000, [ 0x401000
            , 0x401054
            , 0x40105e
            , 0x401069
            , 0x401073
            , 0x40108b
            , 0x4010cc
            , 0x401097
            , 0x4010a3
            ]
)]
