[(0x10000180, [ 0x10000180
              , 0x100001d0
              , 0x100001d8
              , 0x100001e8
              , 0x100001f0
              , 0x10000214
              , 0x10000224
              , 0x10000234
              ])
]
