[(0x10000190, [ 0x10000190
              , 0x1000021c
              , 0x10000258
              , 0x10000224
              , 0x10000208
              ]
              )]
