[(0x401007, [ 0x401007
            , 0x4010a3
            , 0x401034
            , 0x40105b
            , 0x401064
            , 0x401071
            , 0x40107d
            , 0x401089
            , 0x401096
            , 0x4010b7
            ]
)]
