[(0x401001, [ 0x401001
            , 0x401016
            , 0x401048
            , 0x401026
            , 0x40102c
            , 0x401032
            , 0x401038
            , 0x401042
            , 0x40104f
            , 0x401052
            ]
)]
