[(0x401001, [ 0x401001
            , 0x40104c
            , 0x40104e
            , 0x401051
            , 0x401054
            , 0x401056
            , 0x401059
            , 0x40105c
            , 0x401068
            , 0x40106e
            , 0x401077
            ]
            )]
