[(0x401010, [ 0x401010
            , 0x401050
            , 0x401053
            , 0x401056
            , 0x401059
            , 0x40105c
            , 0x40106e
            , 0x40105f
            , 0x401078
            , 0x40107f
            , 0x401083
            ]
            )]
