R { funcs = [(0x10000148, [ (0x10000148, 32)
                          , (0x10000168, 32)
                          , (0x10000188, 8)
                          ])
            ]
  , ignoreBlocks = [0x10000190]
  }